{"level":"info","message":"Server is running on port 3000","timestamp":"2026-09-20 18:25:02"}
{"level":"info","message":"Redis client connected","timestamp":"2026-09-20 18:25:03"}
{"level":"info","message":"Redis client ready","timestamp":"2026-09-20 18:25:03"}
{"level":"info","message":"Database connected successfully","timestamp":"2026-09-20 18:25:09"}
{"level":"info","message":"Server is running on port 3000","timestamp":"2026-09-20 18:25:39"}
{"level":"info","message":"Redis client connected","timestamp":"2026-09-20 18:25:40"}
{"level":"info","message":"Redis client ready","timestamp":"2026-09-20 18:25:41"}
{"level":"info","message":"Database connected successfully","timestamp":"2026-09-20 18:25:53"}
{"level":"http","message":"GET /api/auth/me?includes=organization,permissions 200 9042ms","timestamp":"2026-09-20 18:27:03"}
{"level":"http","message":"GET /api/notification/6a7c854042116e6531df0b8c 304 2649ms","timestamp":"2026-09-20 18:27:06"}
{"level":"http","message":"GET /api/account 304 3197ms","timestamp":"2026-09-20 18:27:07"}
{"level":"http","message":"GET /api/subscription 200 10766ms","timestamp":"2026-09-20 18:27:14"}
{"level":"error","message":"ContactController Cast to ObjectId failed for value \"\" (type string) at path \"accountId\" for model \"Contact\"","method":"POST","path":"/api/contacts","stack":"CastError: Cast to ObjectId failed for value \"\" (type string) at path \"accountId\" for model \"Contact\"\n    at SchemaObjectId.cast (D:\\Kyra\\chat-base-api\\node_modules\\mongoose\\lib\\schema\\objectId.js:250:11)\n    at SchemaType.applySetters (D:\\Kyra\\chat-base-api\\node_modules\\mongoose\\lib\\schemaType.js:1236:12)\n    at SchemaType.castForQuery (D:\\Kyra\\chat-base-api\\node_modules\\mongoose\\lib\\schemaType.js:1653:17)\n    at cast (D:\\Kyra\\chat-base-api\\node_modules\\mongoose\\lib\\cast.js:375:32)\n    at Query.cast (D:\\Kyra\\chat-base-api\\node_modules\\mongoose\\lib\\query.js:4857:12)\n    at Query._castConditions (D:\\Kyra\\chat-base-api\\node_modules\\mongoose\\lib\\query.js:2265:10)\n    at model.Query._find (D:\\Kyra\\chat-base-api\\node_modules\\mongoose\\lib\\query.js:2292:8)\n    at model.Query.exec (D:\\Kyra\\chat-base-api\\node_modules\\mongoose\\lib\\query.js:4401:80)\n    at process.processTicksAndRejections (node:internal/process/task_queues:103:5)\n    at async ContactRepository.getContacts (D:\\Kyra\\chat-base-api\\src\\repositories\\contact.repository.ts:9:12)","timestamp":"2026-09-20 18:27:54"}
{"level":"error","message":"Unhandled request error Invalid accountId","method":"POST","path":"/api/contacts","stack":"CastError: Cast to ObjectId failed for value \"\" (type string) at path \"accountId\" for model \"Contact\"\n    at SchemaObjectId.cast (D:\\Kyra\\chat-base-api\\node_modules\\mongoose\\lib\\schema\\objectId.js:250:11)\n    at SchemaType.applySetters (D:\\Kyra\\chat-base-api\\node_modules\\mongoose\\lib\\schemaType.js:1236:12)\n    at SchemaType.castForQuery (D:\\Kyra\\chat-base-api\\node_modules\\mongoose\\lib\\schemaType.js:1653:17)\n    at cast (D:\\Kyra\\chat-base-api\\node_modules\\mongoose\\lib\\cast.js:375:32)\n    at Query.cast (D:\\Kyra\\chat-base-api\\node_modules\\mongoose\\lib\\query.js:4857:12)\n    at Query._castConditions (D:\\Kyra\\chat-base-api\\node_modules\\mongoose\\lib\\query.js:2265:10)\n    at model.Query._find (D:\\Kyra\\chat-base-api\\node_modules\\mongoose\\lib\\query.js:2292:8)\n    at model.Query.exec (D:\\Kyra\\chat-base-api\\node_modules\\mongoose\\lib\\query.js:4401:80)\n    at process.processTicksAndRejections (node:internal/process/task_queues:103:5)\n    at async ContactRepository.getContacts (D:\\Kyra\\chat-base-api\\src\\repositories\\contact.repository.ts:9:12)","statusCode":400,"timestamp":"2026-09-20 18:27:54"}
{"level":"http","message":"POST /api/contacts 400 671ms","timestamp":"2026-09-20 18:27:54"}
{"level":"http","message":"GET /api/account/6a7c854242116e6531df0bcb/access 304 1159ms","timestamp":"2026-09-20 18:27:59"}
{"level":"http","message":"GET /api/activity-logs/6a7c854242116e6531df0bcb?limit=8&page=1 304 1059ms","timestamp":"2026-09-20 18:27:59"}
{"level":"http","message":"GET /api/account/6a7c854242116e6531df0bcb/overview?module=overview&range=7days 304 1519ms","timestamp":"2026-09-20 18:28:00"}
{"level":"http","message":"GET /api/activity-logs/6a7c854242116e6531df0bcb?limit=8&page=1 304 282ms","timestamp":"2026-09-20 18:28:00"}
{"level":"http","message":"GET /api/integration/6a7c854242116e6531df0bcb/whatsapp 304 2946ms","timestamp":"2026-09-20 18:28:14"}
{"level":"http","message":"GET /api/whatsapp/account/6a7c854242116e6531df0bcb/live-chat/context 304 1628ms","timestamp":"2026-09-20 18:28:21"}
{"level":"http","message":"GET /api/whatsapp/account/6a7c854242116e6531df0bcb/ai-agent 304 538ms","timestamp":"2026-09-20 18:28:33"}
{"level":"http","message":"GET /api/whatsapp/account/6a7c854242116e6531df0bcb/live-chat/context 304 1632ms","timestamp":"2026-09-20 18:28:36"}
{"level":"http","message":"GET /api/whatsapp/webhook?hub.mode=subscribe&hub.challenge=1437797410&hub.verify_token=kyra-whatsapp-verify-webhook-v1&hub_mode=subscribe&hub_challenge=1437797410&hub_verify_token=kyra-whatsapp-verify-webhook-v1 200 6ms","timestamp":"2026-09-20 18:32:20"}
{"level":"http","message":"GET /api/conversation/6a7c854242116e6531df0bcb?page=1&limit=50 304 235ms","timestamp":"2026-09-20 18:32:50"}
{"chatFlowId":"6a930479b874f632f9901831","conversationId":"6aac31c300d4feed89e69769","level":"info","message":"WHATSAPP_CHATFLOW_SKIPPED","reason":"existing_conversation","timestamp":"2026-09-20 18:33:04"}
{"level":"http","message":"POST /api/whatsapp/webhook 200 777ms","timestamp":"2026-09-20 18:33:04"}
{"level":"http","message":"GET /api/message/6aac31c300d4feed89e69769? 200 401ms","timestamp":"2026-09-20 18:33:17"}
{"level":"http","message":"GET /api/configuration?module=conversation&configType=status 304 479ms","timestamp":"2026-09-20 18:33:17"}
{"level":"http","message":"GET /api/whatsapp/account/6a7c854242116e6531df0bcb/templates?page=1&limit=10 304 489ms","timestamp":"2026-09-20 18:33:17"}
{"level":"http","message":"POST /api/conversation/6a7c854242116e6531df0bcb/delete 200 726ms","timestamp":"2026-09-20 18:33:34"}
{"level":"http","message":"POST /api/whatsapp/account/6a7c854242116e6531df0bcb/ai-agent/conversations/6aac31c300d4feed89e69769/resume 200 5608ms","timestamp":"2026-09-20 18:33:40"}
{"accountId":"6a7c854242116e6531df0bcb","contactId":"6aafd9afa2711f959312c69b","level":"info","message":"Contact created","phone":"+919528295631","source":"whatsapp","timestamp":"2026-09-20 18:33:43"}
{"chatFlowId":"6a930479b874f632f9901831","conversationId":"6aafd9afa2711f959312c696","level":"info","message":"WHATSAPP_CHATFLOW_STARTED","sessionId":"6aafd9b0a2711f959312c6ad","startNodeId":"079fe61b-8951-4788-a4c8-fd75bbc81888","timestamp":"2026-09-20 18:33:44"}
{"level":"http","message":"POST /api/whatsapp/webhook 200 111ms","timestamp":"2026-09-20 18:33:48"}
{"level":"http","message":"POST /api/whatsapp/webhook 200 401ms","timestamp":"2026-09-20 18:33:49"}
{"conversationId":"6aafd9afa2711f959312c696","level":"info","message":"WHATSAPP_CHATFLOW_WAITING","nodeId":"c2aed35f-e8b6-4c64-bb7c-709076cb33a8","timestamp":"2026-09-20 18:33:49"}
{"level":"http","message":"POST /api/whatsapp/webhook 200 6019ms","timestamp":"2026-09-20 18:33:49"}
{"level":"http","message":"POST /api/whatsapp/webhook 200 112ms","timestamp":"2026-09-20 18:33:49"}
{"level":"http","message":"POST /api/whatsapp/webhook 200 104ms","timestamp":"2026-09-20 18:33:50"}
{"conversationId":"6aafd9afa2711f959312c696","fromNodeId":"c2aed35f-e8b6-4c64-bb7c-709076cb33a8","level":"info","message":"WHATSAPP_CHATFLOW_ADVANCED","replyId":"","timestamp":"2026-09-20 18:33:56","toNodeId":"56880822-83e3-4684-9424-421ea835b567"}
{"conversationId":"6aafd9afa2711f959312c696","level":"info","message":"WHATSAPP_CHATFLOW_WAITING","nodeId":"56880822-83e3-4684-9424-421ea835b567","timestamp":"2026-09-20 18:33:58"}
{"level":"http","message":"POST /api/whatsapp/webhook 200 3107ms","timestamp":"2026-09-20 18:33:58"}
{"level":"http","message":"POST /api/whatsapp/webhook 200 154ms","timestamp":"2026-09-20 18:34:00"}
{"level":"http","message":"POST /api/whatsapp/webhook 200 146ms","timestamp":"2026-09-20 18:34:00"}
{"conversationId":"6aafd9afa2711f959312c696","fromNodeId":"56880822-83e3-4684-9424-421ea835b567","level":"info","message":"WHATSAPP_CHATFLOW_ADVANCED","replyId":"section_1_row_1_afec83ac-d253-43de-aadc-419ec2f5ab05","timestamp":"2026-09-20 18:34:07","toNodeId":"5785ae85-849a-43d6-a61d-64559cbaae1c"}
{"conversationId":"6aafd9afa2711f959312c696","level":"info","message":"WHATSAPP_CHATFLOW_WAITING","nodeId":"5785ae85-849a-43d6-a61d-64559cbaae1c","timestamp":"2026-09-20 18:34:10"}
{"level":"http","message":"POST /api/whatsapp/webhook 200 3839ms","timestamp":"2026-09-20 18:34:10"}
{"level":"http","message":"POST /api/whatsapp/webhook 200 361ms","timestamp":"2026-09-20 18:34:11"}
{"level":"http","message":"POST /api/whatsapp/webhook 200 495ms","timestamp":"2026-09-20 18:34:11"}
{"conversationId":"6aafd9afa2711f959312c696","fromNodeId":"5785ae85-849a-43d6-a61d-64559cbaae1c","level":"info","message":"WHATSAPP_CHATFLOW_ADVANCED","replyId":"btn_1_76724226-1b63-4904-b4ab-8584363ca389","timestamp":"2026-09-20 18:34:24","toNodeId":"449f0eb0-cb8b-4677-9b8d-7820e6d61f1c"}
{"level":"http","message":"POST /api/whatsapp/webhook 200 163ms","timestamp":"2026-09-20 18:34:28"}
{"level":"http","message":"POST /api/whatsapp/webhook 200 170ms","timestamp":"2026-09-20 18:34:28"}
{"level":"http","message":"POST /api/whatsapp/webhook 200 131ms","timestamp":"2026-09-20 18:34:29"}
{"level":"http","message":"POST /api/whatsapp/webhook 200 107ms","timestamp":"2026-09-20 18:34:29"}
{"chatFlowId":"6a930479b874f632f9901831","conversationId":"6aafd9afa2711f959312c696","level":"info","message":"WHATSAPP_CHATFLOW_COMPLETED","reason":"no_outgoing_edge","timestamp":"2026-09-20 18:34:30"}
{"level":"http","message":"POST /api/whatsapp/webhook 200 8113ms","timestamp":"2026-09-20 18:34:30"}
{"level":"http","message":"POST /api/whatsapp/webhook 200 108ms","timestamp":"2026-09-20 18:34:31"}
{"level":"http","message":"POST /api/whatsapp/webhook 200 111ms","timestamp":"2026-09-20 18:34:31"}
{"level":"http","message":"GET /api/message/6aafd9afa2711f959312c696? 200 309ms","timestamp":"2026-09-20 18:36:04"}
{"level":"http","message":"GET /api/configuration?module=conversation&configType=status 304 462ms","timestamp":"2026-09-20 18:36:05"}
{"level":"http","message":"GET /api/whatsapp/account/6a7c854242116e6531df0bcb/templates?page=1&limit=10 304 470ms","timestamp":"2026-09-20 18:36:05"}
{"level":"http","message":"GET /api/message/6aaf8cd59b76570536281381? 304 201ms","timestamp":"2026-09-20 18:36:12"}
{"level":"http","message":"POST /api/whatsapp/account/6a7c854242116e6531df0bcb/ai-agent/conversations/6aafd9afa2711f959312c696/resume 200 614ms","timestamp":"2026-09-20 18:36:12"}
{"chatFlowId":"6a930479b874f632f9901831","conversationId":"6aafd9afa2711f959312c696","level":"info","message":"WHATSAPP_CHATFLOW_SKIPPED","reason":"flow_completed","timestamp":"2026-09-20 18:36:27"}
{"level":"http","message":"POST /api/whatsapp/webhook 200 590ms","timestamp":"2026-09-20 18:36:27"}
{"level":"http","message":"GET /api/message/6aafd9afa2711f959312c696? 200 192ms","timestamp":"2026-09-20 18:36:30"}
{"level":"http","message":"POST /api/whatsapp/account/6a7c854242116e6531df0bcb/ai-agent/conversations/6aaf8cd59b76570536281381/resume 200 547ms","timestamp":"2026-09-20 18:36:31"}
{"level":"http","message":"GET /api/message/6aaf8cd59b76570536281381? 304 182ms","timestamp":"2026-09-20 18:36:38"}
{"level":"http","message":"POST /api/whatsapp/account/6a7c854242116e6531df0bcb/ai-agent/conversations/6aafd9afa2711f959312c696/resume 200 665ms","timestamp":"2026-09-20 18:36:39"}
{"level":"http","message":"POST /api/whatsapp/account/6a7c854242116e6531df0bcb/ai-agent/conversations/6aaf8cd59b76570536281381/resume 200 696ms","timestamp":"2026-09-20 18:36:40"}
{"level":"http","message":"POST /api/whatsapp/account/6a7c854242116e6531df0bcb/ai-agent/conversations/6aafd9afa2711f959312c696/resume 200 701ms","timestamp":"2026-09-20 18:36:45"}
{"level":"http","message":"GET /api/chatflow/6a7c854242116e6531df0bcb 200 480ms","timestamp":"2026-09-20 18:36:50"}
{"level":"http","message":"GET /api/chatflow/6a7c854242116e6531df0bcb/flow/6a930479b874f632f9901831 200 426ms","timestamp":"2026-09-20 18:36:53"}
{"level":"http","message":"GET /api/message/6aafd9afa2711f959312c696? 304 106ms","timestamp":"2026-09-20 18:37:05"}
{"level":"http","message":"GET /api/conversation/6a7c854242116e6531df0bcb?page=1&limit=50 200 214ms","timestamp":"2026-09-20 18:37:06"}
{"level":"http","message":"GET /api/configuration?module=conversation&configType=status 304 291ms","timestamp":"2026-09-20 18:37:06"}
{"level":"http","message":"GET /api/whatsapp/account/6a7c854242116e6531df0bcb/templates?page=1&limit=10 304 303ms","timestamp":"2026-09-20 18:37:06"}
{"level":"http","message":"GET /api/conversation/6a7c854242116e6531df0bcb?page=1&limit=50 200 196ms","timestamp":"2026-09-20 18:37:06"}
{"level":"http","message":"POST /api/conversation/6a7c854242116e6531df0bcb/delete 200 2788ms","timestamp":"2026-09-20 18:37:50"}
{"level":"http","message":"POST /api/whatsapp/account/6a7c854242116e6531df0bcb/ai-agent/conversations/6aafd9afa2711f959312c696/resume 200 533ms","timestamp":"2026-09-20 18:37:50"}
{"level":"http","message":"GET /api/configuration?module=lead&configType=status 304 438ms","timestamp":"2026-09-20 18:38:08"}
{"level":"http","message":"POST /api/account/6a7c854242116e6531df0bcb/leads 200 624ms","timestamp":"2026-09-20 18:38:08"}
{"level":"http","message":"POST /api/account/6a7c854242116e6531df0bcb/leads 200 647ms","timestamp":"2026-09-20 18:38:08"}
{"level":"http","message":"POST /api/account/6a7c854242116e6531df0bcb/leads 200 655ms","timestamp":"2026-09-20 18:38:08"}
{"accountId":"6a7c854242116e6531df0bcb","contactId":"6aafdab8a2711f959312c8bd","level":"info","message":"Contact created","phone":"+919528295631","source":"whatsapp","timestamp":"2026-09-20 18:38:08"}
{"level":"http","message":"GET /api/conversation/6a7c854242116e6531df0bcb?page=1&limit=50 200 333ms","timestamp":"2026-09-20 18:38:09"}
{"level":"http","message":"GET /api/conversation/6a7c854242116e6531df0bcb?page=1&limit=50 200 557ms","timestamp":"2026-09-20 18:38:09"}
{"chatFlowId":"6a930479b874f632f9901831","conversationId":"6aafdab8a2711f959312c8b8","level":"info","message":"WHATSAPP_CHATFLOW_STARTED","sessionId":"6aafdabaa2711f959312c8d3","startNodeId":"079fe61b-8951-4788-a4c8-fd75bbc81888","timestamp":"2026-09-20 18:38:10"}
{"level":"http","message":"GET /api/message/6aafdab8a2711f959312c8b8? 200 319ms","timestamp":"2026-09-20 18:38:11"}
{"level":"http","message":"GET /api/whatsapp/account/6a7c854242116e6531df0bcb/templates?page=1&limit=10 304 653ms","timestamp":"2026-09-20 18:38:12"}
{"level":"http","message":"GET /api/configuration?module=conversation&configType=status 304 651ms","timestamp":"2026-09-20 18:38:12"}
{"level":"http","message":"POST /api/whatsapp/webhook 200 671ms","timestamp":"2026-09-20 18:38:18"}
{"level":"http","message":"POST /api/whatsapp/webhook 200 681ms","timestamp":"2026-09-20 18:38:18"}
{"chatFlowId":"6a930479b874f632f9901831","conversationId":"6aafdab8a2711f959312c8b8","level":"info","message":"WHATSAPP_CHATFLOW_SKIPPED","reason":"duplicate_inbound","timestamp":"2026-09-20 18:38:20"}
{"level":"http","message":"POST /api/whatsapp/webhook 200 1324ms","timestamp":"2026-09-20 18:38:20"}
{"level":"http","message":"GET /api/message/6aafdab8a2711f959312c8b8? 200 488ms","timestamp":"2026-09-20 18:38:22"}
{"level":"http","message":"GET /api/message/6aaf8cd59b76570536281381? 304 1470ms","timestamp":"2026-09-20 18:38:22"}
{"conversationId":"6aafdab8a2711f959312c8b8","level":"info","message":"WHATSAPP_CHATFLOW_WAITING","nodeId":"c2aed35f-e8b6-4c64-bb7c-709076cb33a8","timestamp":"2026-09-20 18:38:24"}
{"level":"http","message":"POST /api/whatsapp/webhook 200 1651ms","timestamp":"2026-09-20 18:38:24"}
{"level":"http","message":"POST /api/whatsapp/account/6a7c854242116e6531df0bcb/ai-agent/conversations/6aafdab8a2711f959312c8b8/resume 200 3607ms","timestamp":"2026-09-20 18:38:24"}
{"level":"http","message":"POST /api/whatsapp/webhook 200 153ms","timestamp":"2026-09-20 18:38:24"}
{"level":"http","message":"POST /api/whatsapp/account/6a7c854242116e6531df0bcb/ai-agent/conversations/6aaf8cd59b76570536281381/resume 200 2881ms","timestamp":"2026-09-20 18:38:24"}
{"conversationId":"6aafdab8a2711f959312c8b8","fromNodeId":"c2aed35f-e8b6-4c64-bb7c-709076cb33a8","level":"info","message":"WHATSAPP_CHATFLOW_ADVANCED","replyId":"","timestamp":"2026-09-20 18:38:28","toNodeId":"56880822-83e3-4684-9424-421ea835b567"}
{"conversationId":"6aafdab8a2711f959312c8b8","level":"info","message":"WHATSAPP_CHATFLOW_WAITING","nodeId":"56880822-83e3-4684-9424-421ea835b567","timestamp":"2026-09-20 18:38:31"}
{"level":"http","message":"POST /api/whatsapp/webhook 200 3924ms","timestamp":"2026-09-20 18:38:31"}
{"level":"http","message":"POST /api/whatsapp/webhook 200 117ms","timestamp":"2026-09-20 18:38:32"}
{"level":"http","message":"POST /api/whatsapp/webhook 200 103ms","timestamp":"2026-09-20 18:38:32"}
{"conversationId":"6aafdab8a2711f959312c8b8","fromNodeId":"56880822-83e3-4684-9424-421ea835b567","level":"info","message":"WHATSAPP_CHATFLOW_ADVANCED","replyId":"section_2_row_1_cdcb4613-d9a1-4418-8b1c-7b7fb51e20cc","timestamp":"2026-09-20 18:38:37","toNodeId":"de33515e-a4d3-4162-9d36-5833e2bcb1e7"}
{"level":"http","message":"GET /api/message/6aaf8cd59b76570536281381? 304 231ms","timestamp":"2026-09-20 18:38:40"}
{"conversationId":"6aafdab8a2711f959312c8b8","level":"info","message":"WHATSAPP_CHATFLOW_WAITING","nodeId":"de33515e-a4d3-4162-9d36-5833e2bcb1e7","timestamp":"2026-09-20 18:38:40"}
{"level":"http","message":"POST /api/whatsapp/webhook 200 4722ms","timestamp":"2026-09-20 18:38:40"}
{"level":"http","message":"POST /api/whatsapp/account/6a7c854242116e6531df0bcb/ai-agent/conversations/6aafdab8a2711f959312c8b8/resume 200 864ms","timestamp":"2026-09-20 18:38:41"}
{"level":"http","message":"GET /api/message/6aafdab8a2711f959312c8b8? 200 94ms","timestamp":"2026-09-20 18:38:41"}
{"level":"http","message":"POST /api/whatsapp/webhook 200 123ms","timestamp":"2026-09-20 18:38:41"}
{"level":"http","message":"POST /api/whatsapp/account/6a7c854242116e6531df0bcb/ai-agent/conversations/6aaf8cd59b76570536281381/resume 200 455ms","timestamp":"2026-09-20 18:38:41"}
{"level":"http","message":"POST /api/whatsapp/webhook 200 194ms","timestamp":"2026-09-20 18:38:42"}
{"level":"http","message":"POST /api/notification/read-all 200 484ms","timestamp":"2026-09-20 18:39:10"}
{"level":"http","message":"POST /api/whatsapp/account/6a7c854242116e6531df0bcb/ai-agent/conversations/6aafdab8a2711f959312c8b8/resume 200 776ms","timestamp":"2026-09-20 18:39:19"}
{"level":"http","message":"GET /api/integration/6a7c854242116e6531df0bcb/facebook 200 379ms","timestamp":"2026-09-20 18:39:21"}
{"level":"http","message":"POST /api/auth/login 200 759ms","timestamp":"2026-09-20 18:39:44"}
{"level":"http","message":"GET /api/auth/me?includes=organization,permissions 200 8028ms","timestamp":"2026-09-20 18:39:53"}
{"level":"http","message":"GET /api/account 200 1044ms","timestamp":"2026-09-20 18:39:54"}
{"level":"http","message":"GET /api/notification/6a7c854042116e6531df0b8c 200 1672ms","timestamp":"2026-09-20 18:39:54"}
{"level":"http","message":"GET /api/account/6a7c854242116e6531df0bcb/access 200 459ms","timestamp":"2026-09-20 18:39:56"}
{"level":"http","message":"GET /api/activity-logs/6a7c854242116e6531df0bcb?limit=8&page=1 200 476ms","timestamp":"2026-09-20 18:39:56"}
{"level":"http","message":"GET /api/account/6a7c854242116e6531df0bcb/overview?module=overview&range=7days 200 596ms","timestamp":"2026-09-20 18:39:57"}
{"level":"http","message":"GET /api/activity-logs/6a7c854242116e6531df0bcb?limit=8&page=1 304 329ms","timestamp":"2026-09-20 18:39:57"}
{"level":"http","message":"GET /api/subscription 200 7624ms","timestamp":"2026-09-20 18:40:00"}
{"level":"info","message":"Shutting down queues...","timestamp":"2026-09-20 18:40:40"}
